// Jest Snapshot v1, https://goo.gl/fbAQLP

exports[`Display should match the snapshot with all data passed down 1`] = `
ShallowWrapper {
  Symbol(enzyme.__root__): [Circular],
  Symbol(enzyme.__unrendered__): <Display
    questionBank={
      Array [
        Object {
          "answer1": "The DOM Tree",
          "answer2": "The Global Window Object",
          "answer3": "The Call Stack",
          "categories": "Context",
          "correctAnswer": "The Global Window Object",
          "id": 1,
          "link": "https://developer.mozilla.org/en-US/docs/Web/JavaScript/Reference/Operators/this",
          "question": "What is the default value of the THIS keyword?",
        },
      ]
    }
  />,
  Symbol(enzyme.__renderer__): Object {
    "batchedUpdates": [Function],
    "getNode": [Function],
    "render": [Function],
    "simulateError": [Function],
    "simulateEvent": [Function],
    "unmount": [Function],
  },
  Symbol(enzyme.__node__): Object {
    "instance": null,
    "key": undefined,
    "nodeType": "host",
    "props": Object {
      "children": Array [
        <Question
          questionInfo={
            Object {
              "answer1": "The DOM Tree",
              "answer2": "The Global Window Object",
              "answer3": "The Call Stack",
              "categories": "Context",
              "correctAnswer": "The Global Window Object",
              "id": 1,
              "link": "https://developer.mozilla.org/en-US/docs/Web/JavaScript/Reference/Operators/this",
              "question": "What is the default value of the THIS keyword?",
            }
          }
          verifyAnswer={[Function]}
        />,
      ],
      "className": "main-display",
    },
    "ref": null,
    "rendered": Array [
      Object {
        "instance": null,
        "key": "1",
        "nodeType": "function",
        "props": Object {
          "questionInfo": Object {
            "answer1": "The DOM Tree",
            "answer2": "The Global Window Object",
            "answer3": "The Call Stack",
            "categories": "Context",
            "correctAnswer": "The Global Window Object",
            "id": 1,
            "link": "https://developer.mozilla.org/en-US/docs/Web/JavaScript/Reference/Operators/this",
            "question": "What is the default value of the THIS keyword?",
          },
          "verifyAnswer": [Function],
        },
        "ref": null,
        "rendered": null,
        "type": [Function],
      },
    ],
    "type": "main",
  },
  Symbol(enzyme.__nodes__): Array [
    Object {
      "instance": null,
      "key": undefined,
      "nodeType": "host",
      "props": Object {
        "children": Array [
          <Question
            questionInfo={
              Object {
                "answer1": "The DOM Tree",
                "answer2": "The Global Window Object",
                "answer3": "The Call Stack",
                "categories": "Context",
                "correctAnswer": "The Global Window Object",
                "id": 1,
                "link": "https://developer.mozilla.org/en-US/docs/Web/JavaScript/Reference/Operators/this",
                "question": "What is the default value of the THIS keyword?",
              }
            }
            verifyAnswer={[Function]}
          />,
        ],
        "className": "main-display",
      },
      "ref": null,
      "rendered": Array [
        Object {
          "instance": null,
          "key": "1",
          "nodeType": "function",
          "props": Object {
            "questionInfo": Object {
              "answer1": "The DOM Tree",
              "answer2": "The Global Window Object",
              "answer3": "The Call Stack",
              "categories": "Context",
              "correctAnswer": "The Global Window Object",
              "id": 1,
              "link": "https://developer.mozilla.org/en-US/docs/Web/JavaScript/Reference/Operators/this",
              "question": "What is the default value of the THIS keyword?",
            },
            "verifyAnswer": [Function],
          },
          "ref": null,
          "rendered": null,
          "type": [Function],
        },
      ],
      "type": "main",
    },
  ],
  Symbol(enzyme.__options__): Object {
    "adapter": ReactSixteenAdapter {
      "options": Object {
        "enableComponentDidUpdateOnSetState": true,
        "lifecycles": Object {
          "componentDidUpdate": Object {
            "onSetState": true,
          },
          "getDerivedStateFromProps": true,
          "getSnapshotBeforeUpdate": true,
          "setState": Object {
            "skipsComponentDidUpdateOnNullish": true,
          },
        },
      },
    },
  },
}
`;
