// Jest Snapshot v1, https://goo.gl/fbAQLP

exports[`ShowAllQuestionsButton should match the snapshot with all data passed down 1`] = `
ShallowWrapper {
  Symbol(enzyme.__root__): [Circular],
  Symbol(enzyme.__unrendered__): <ShowAllQuestionsButton
    showAllQuestions={[MockFunction]}
  />,
  Symbol(enzyme.__renderer__): Object {
    "batchedUpdates": [Function],
    "getNode": [Function],
    "render": [Function],
    "simulateError": [Function],
    "simulateEvent": [Function],
    "unmount": [Function],
  },
  Symbol(enzyme.__node__): Object {
    "instance": null,
    "key": undefined,
    "nodeType": "host",
    "props": Object {
      "children": <button
        className="show-all-questions-button"
        onClick={[MockFunction]}
        type="button"
      >
        Reset All Questions
      </button>,
    },
    "ref": null,
    "rendered": Object {
      "instance": null,
      "key": undefined,
      "nodeType": "host",
      "props": Object {
        "children": "Reset All Questions",
        "className": "show-all-questions-button",
        "onClick": [MockFunction],
        "type": "button",
      },
      "ref": null,
      "rendered": "Reset All Questions",
      "type": "button",
    },
    "type": "div",
  },
  Symbol(enzyme.__nodes__): Array [
    Object {
      "instance": null,
      "key": undefined,
      "nodeType": "host",
      "props": Object {
        "children": <button
          className="show-all-questions-button"
          onClick={[MockFunction]}
          type="button"
        >
          Reset All Questions
        </button>,
      },
      "ref": null,
      "rendered": Object {
        "instance": null,
        "key": undefined,
        "nodeType": "host",
        "props": Object {
          "children": "Reset All Questions",
          "className": "show-all-questions-button",
          "onClick": [MockFunction],
          "type": "button",
        },
        "ref": null,
        "rendered": "Reset All Questions",
        "type": "button",
      },
      "type": "div",
    },
  ],
  Symbol(enzyme.__options__): Object {
    "adapter": ReactSixteenAdapter {
      "options": Object {
        "enableComponentDidUpdateOnSetState": true,
        "lifecycles": Object {
          "componentDidUpdate": Object {
            "onSetState": true,
          },
          "getDerivedStateFromProps": true,
          "getSnapshotBeforeUpdate": true,
          "setState": Object {
            "skipsComponentDidUpdateOnNullish": true,
          },
        },
      },
    },
  },
}
`;
